Two by two, hands of blue
Two by two, hands of blue
a: 1, b: 2, c: 3
first
second
empty group is undefined
split across two lines
