this
should
all
print
correctly
on
many
lines
0
<null>
