(sum3 1 2 3): 6
(avg2 10 11): 10.5
(add10 11): 21
something
